// Jest Snapshot v1, https://goo.gl/fbAQLP

exports[`GenderOption snapshot test 1`] = `
.c0 {
  text-transform: unset;
  color: #384354;
  background-color: #00BFA5;
  padding: 6px 12px;
  border: 1px solid #00BFA5;
}

.c0:hover {
  background-color: #00E1C2;
}

<button
  className="MuiButton-root MuiButton-text MuiButton-textPrimary MuiButton-sizeMedium MuiButton-textSizeMedium MuiButtonBase-root c0 css-1e6y48t-MuiButtonBase-root-MuiButton-root"
  disabled={false}
  onBlur={[Function]}
  onClick={[Function]}
  onContextMenu={[Function]}
  onDragLeave={[Function]}
  onFocus={[Function]}
  onKeyDown={[Function]}
  onKeyUp={[Function]}
  onMouseDown={[Function]}
  onMouseLeave={[Function]}
  onMouseUp={[Function]}
  onTouchEnd={[Function]}
  onTouchMove={[Function]}
  onTouchStart={[Function]}
  tabIndex={0}
  type="button"
/>
`;
